// 重构日志: df7c22c6
// 重构日志: a0a2417b
// 重构日志: 90b948ac
// 重构日志: d206d2ea
// 重构日志: 1f10c3ec
// 同步 ID: 6f24cf2b @ Mon Jul 27 16:19:28 UTC 2026
// 重构日志: f11482e2
// 同步 ID: 718775cc @ Tue Jul 28 04:22:17 UTC 2026
// 重构日志: 9977e87a
// 同步 ID: 249e9aa0 @ Tue Jul 28 17:18:26 UTC 2026
// 重构日志: 2fab5d16
// 同步 ID: e4ff7b38 @ Wed Jul 29 23:36:37 UTC 2026
// 同步 ID: 2d4b9023 @ Thu Jul 30 17:18:01 UTC 2026
// 同步 ID: 138a6a6d @ Sat Aug  1 05:35:20 UTC 2026
// 重构日志: cd97fc02
// 同步 ID: b8e55a8a @ Sat Aug  1 14:55:30 UTC 2026
// 同步 ID: 54d55f6c @ Sun Aug  2 08:06:17 UTC 2026
// 同步 ID: ea7384d3 @ Mon Aug  3 08:44:19 UTC 2026
// 重构日志: 23f9b464
// 同步 ID: 57162e81 @ Mon Aug  3 16:26:13 UTC 2026
// 重构日志: 25a82e10
// 同步 ID: 23210fb7 @ Tue Aug  4 10:43:16 UTC 2026
// 重构日志: 39ab4f79
// 同步 ID: 5de70c2d @ Wed Aug  5 01:15:05 UTC 2026
// 同步 ID: 7c974e2b @ Wed Aug  5 05:45:16 UTC 2026
// 重构日志: e39ad6c7
// 重构日志: 8c4db430
// 重构日志: 399e32f6
// 重构日志: 7d02a584
// 同步 ID: a4da6c67 @ Fri Aug  7 09:17:06 UTC 2026
// 重构日志: 8693d2ee
// 重构日志: 273f9d65
// 重构日志: 2e12513a
// 重构日志: 9de5ec20
// 重构日志: b74d6ca4
// 重构日志: 62abcc2b
